// Jest Snapshot v1, https://goo.gl/fbAQLP

exports[`HomeComponent should render sucessfully with snapshot 1`] = `
<div
  className="ant-card ant-card-bordered ant-card-hoverable game-home"
>
  <div
    className="ant-card-body"
    style={Object {}}
  >
    <h1>
      Game of Three @ Scoober
    </h1>
    <div
      className="ant-divider ant-divider-horizontal game-home-divider"
      role="separator"
    />
    <div
      className="ant-row ant-row-center"
      style={Object {}}
    >
      <div
        className="ant-col"
        style={Object {}}
      >
        <button
          className="ant-btn ant-btn-primary game-button"
          onClick={[Function]}
          type="button"
        >
          <span
            aria-label="play-circle"
            className="anticon anticon-play-circle"
            role="img"
          >
            <svg
              aria-hidden="true"
              data-icon="play-circle"
              fill="currentColor"
              focusable="false"
              height="1em"
              viewBox="64 64 896 896"
              width="1em"
            >
              <path
                d="M512 64C264.6 64 64 264.6 64 512s200.6 448 448 448 448-200.6 448-448S759.4 64 512 64zm0 820c-205.4 0-372-166.6-372-372s166.6-372 372-372 372 166.6 372 372-166.6 372-372 372z"
              />
              <path
                d="M719.4 499.1l-296.1-215A15.9 15.9 0 00398 297v430c0 13.1 14.8 20.5 25.3 12.9l296.1-215a15.9 15.9 0 000-25.8zm-257.6 134V390.9L628.5 512 461.8 633.1z"
              />
            </svg>
          </span>
          <span>
            Single Player
          </span>
        </button>
      </div>
    </div>
    <div
      className="ant-row ant-row-center"
      style={Object {}}
    >
      <div
        className="ant-col"
        style={Object {}}
      >
        <button
          className="ant-btn ant-btn-primary game-button"
          data-testid="multiplayerBtn"
          onClick={[Function]}
          type="button"
        >
          <span
            aria-label="play-circle"
            className="anticon anticon-play-circle"
            role="img"
          >
            <svg
              aria-hidden="true"
              data-icon="play-circle"
              fill="currentColor"
              focusable="false"
              height="1em"
              viewBox="64 64 896 896"
              width="1em"
            >
              <path
                d="M512 64C264.6 64 64 264.6 64 512s200.6 448 448 448 448-200.6 448-448S759.4 64 512 64zm0 820c-205.4 0-372-166.6-372-372s166.6-372 372-372 372 166.6 372 372-166.6 372-372 372z"
              />
              <path
                d="M719.4 499.1l-296.1-215A15.9 15.9 0 00398 297v430c0 13.1 14.8 20.5 25.3 12.9l296.1-215a15.9 15.9 0 000-25.8zm-257.6 134V390.9L628.5 512 461.8 633.1z"
              />
            </svg>
          </span>
          <span>
            Multiplayer
          </span>
        </button>
      </div>
    </div>
    <div
      className="ant-row ant-row-center"
      style={Object {}}
    >
      <div
        className="ant-col"
        style={Object {}}
      >
        <button
          className="ant-btn ant-btn-primary game-button"
          onClick={[Function]}
          type="button"
        >
          <span
            aria-label="play-circle"
            className="anticon anticon-play-circle"
            role="img"
          >
            <svg
              aria-hidden="true"
              data-icon="play-circle"
              fill="currentColor"
              focusable="false"
              height="1em"
              viewBox="64 64 896 896"
              width="1em"
            >
              <path
                d="M512 64C264.6 64 64 264.6 64 512s200.6 448 448 448 448-200.6 448-448S759.4 64 512 64zm0 820c-205.4 0-372-166.6-372-372s166.6-372 372-372 372 166.6 372 372-166.6 372-372 372z"
              />
              <path
                d="M719.4 499.1l-296.1-215A15.9 15.9 0 00398 297v430c0 13.1 14.8 20.5 25.3 12.9l296.1-215a15.9 15.9 0 000-25.8zm-257.6 134V390.9L628.5 512 461.8 633.1z"
              />
            </svg>
          </span>
          <span>
            Single Player Redux
          </span>
        </button>
      </div>
    </div>
  </div>
</div>
`;
