// Jest Snapshot v1, https://goo.gl/fbAQLP

exports[`ActionButton Component should match the snapshot sucessfully 1`] = `
<div
  className="action-button-container"
>
  <button
    className="ant-btn ant-btn-primary ant-btn-circle ant-btn-lg"
    onClick={[Function]}
    type="button"
    value={-1}
  >
    <span>
      -1
    </span>
  </button>
  <button
    className="ant-btn ant-btn-primary ant-btn-circle ant-btn-lg"
    onClick={[Function]}
    type="button"
    value={0}
  >
    <span>
      0
    </span>
  </button>
  <button
    className="ant-btn ant-btn-primary ant-btn-circle ant-btn-lg"
    onClick={[Function]}
    type="button"
    value={1}
  >
    <span>
      +1
    </span>
  </button>
</div>
`;
